🚫 هذه المادة ملغاة ولا تُطبَّق حالياً
المادة الرابعة عشرة — الفصل الثاني
(ملغـــــاة)
---
score=0.55
🚫 هذه المادة ملغاة ولا تُطبَّق حالياً
المادة الرابعة عشرة — الفصل الثاني
(ملغـــــاة)

score=0.51
🚫 هذه المادة ملغاة ولا تُطبَّق حالياً
المادة الخامسة والتسعون بعد المائة — تفتيش العمل
(ملغاة)

score=0.49
المادة الخامسة عشرة بعد المائة — الإجازات (جزء 1)
للعامل - إذا وافق صاحب العمل على انتسابه إلى مؤسسة تعليمية أو قَبِل استمراره فيها - الحق في إجازة بأجر كامل لتأدية الامتحان عن سنة غير معادة تحدد مدته

